<html>
<body>
<pre>
<h1>礦ision Build Log</h1>
<h2>Tool Versions:</h2>
IDE-Version: μVision V5.17.0.0
Copyright (C) 2015 ARM Ltd and ARM Germany GmbH. All rights reserved.
License Information: Eric 微软用户, 微软中国, LIC=JGXGK-ZHS6Z-5LRCU-SYV9R-G99MI-7XG5S
 
Tool Versions:
Toolchain:       MDK-ARM Basic (256K)  Version: 5.17
Toolchain Path:  C:\Keil_v5\ARM\ARMCC\Bin
C Compiler:      Armcc.exe V5.06 update 1 (build 61)
Assembler:       Armasm.exe V5.06 update 1 (build 61)
Linker/Locator:  ArmLink.exe V5.06 update 1 (build 61)
Library Manager: ArmAr.exe V5.06 update 1 (build 61)
Hex Converter:   FromElf.exe V5.06 update 1 (build 61)
CPU DLL:         SARMCM3.DLL V5.17
Dialog DLL:      DARMCM1.DLL V1.12.0.0
Target DLL:      Segger\JL2CM3.dll V2.99.16.0
Dialog DLL:      TARMCM1.DLL V1.9.0.0
 
<h2>Project:</h2>
D:\stm32\STM32F0x2_USB-FS-Device_Lib V1.0.0\Projects\MSC\MDK-ARM\usbd_msc.uvprojx
Project File Date:  11/07/2016

<h2>Output:</h2>
*** Using Compiler 'V5.06 update 1 (build 61)', folder: 'C:\Keil_v5\ARM\ARMCC\Bin'
Build target 'STM32F070F6'
compiling app.c...
..\inc\twi_i2c.h(17): warning:  #1295-D: Deprecated declaration TWI_Initialize - give arg types
  void TWI_Initialize();
..\inc\twi_i2c.h(35): warning:  #1-D: last line of file ends without a newline
  #endif
..\src\app.c: 2 warnings, 0 errors
linking...
Program Size: Code=12680 RO-data=348 RW-data=240 ZI-data=1976  
FromELF: creating hex file...
".\STM32F072B-EVAL\STM32F072B-EVAL.axf" - 0 Error(s), 2 Warning(s).

<h2>Software Packages used:</h2>

Package Vendor: ARM
                http://www.keil.com/pack/ARM.CMSIS.4.5.0.pack
                ARM::CMSIS:CORE:4.3.0
                CMSIS (Cortex Microcontroller Software Interface Standard)
   * Component: CORE Version: 4.3.0

<h2>Collection of Component include folders:</h2>
  D:\stm32\STM32F0x2_USB-FS-Device_Lib V1.0.0\Projects\MSC\MDK-ARM\RTE
  C:\Keil_v5\ARM\PACK\ARM\CMSIS\4.5.0\CMSIS\Include
  C:\Keil_v5\ARM\PACK\Keil\STM32F0xx_DFP\1.5.0\Device\Include

<h2>Collection of Component Files used:</h2>

   * Component: ARM::CMSIS:CORE:4.3.0
Build Time Elapsed:  00:00:02
</pre>
</body>
</html>
